[mature-brown-antelope.69-72-248-210.cpanel.site/index.html]
[backblue.gif]
[fade.gif]
[index.html]
[mature-brown-antelope.69-72-248-210.cpanel.site/images/logo/favicon.png]
[mature-brown-antelope.69-72-248-210.cpanel.site/images/logo/apple-touch-icon.png]
[mature-brown-antelope.69-72-248-210.cpanel.site/index7b17.html]
[mature-brown-antelope.69-72-248-210.cpanel.site/indexc0d0.html]
[mature-brown-antelope.69-72-248-210.cpanel.site/media/vendor/joomla-custom-elements/css/joomla-alert.mineeda.css]
[mature-brown-antelope.69-72-248-210.cpanel.site/media/system/css/joomla-fontawesome.min61a0.css]
[mature-brown-antelope.69-72-248-210.cpanel.site/templates/yootheme/css/theme.12a7b1.css]
[mature-brown-antelope.69-72-248-210.cpanel.site/media/system/js/core.min23b9.js]
[mature-brown-antelope.69-72-248-210.cpanel.site/media/system/js/joomla-hidden-mail.min4f8c.js]
[mature-brown-antelope.69-72-248-210.cpanel.site/media/system/js/messages.minee3c.js]
[mature-brown-antelope.69-72-248-210.cpanel.site/templates/yootheme/assets/site/js/consent61a0.js]
[mature-brown-antelope.69-72-248-210.cpanel.site/templates/yootheme/vendor/assets/uikit/dist/js/uikit.min61a0.js]
[mature-brown-antelope.69-72-248-210.cpanel.site/templates/yootheme/vendor/assets/uikit/dist/js/uikit-icons-kojiro.min61a0.js]
[mature-brown-antelope.69-72-248-210.cpanel.site/templates/yootheme/assets/site/js/theme61a0.js]
[mature-brown-antelope.69-72-248-210.cpanel.site/images/logo/the_pet_studio_logo_dark_400px.svg]
[mature-brown-antelope.69-72-248-210.cpanel.site/images/logo/the_pet_studio_logo_400px.svg]
[mature-brown-antelope.69-72-248-210.cpanel.site/dog-grooming.html]
[mature-brown-antelope.69-72-248-210.cpanel.site/grooming-academy.html]
[mature-brown-antelope.69-72-248-210.cpanel.site/dog-training.html]
[mature-brown-antelope.69-72-248-210.cpanel.site/team.html]
[mature-brown-antelope.69-72-248-210.cpanel.site/contact.html]
[mature-brown-antelope.69-72-248-210.cpanel.site/images/video_background/pet_studio_backround_v01.mp4]
[mature-brown-antelope.69-72-248-210.cpanel.site/images/logo/the_pet_studio_logo_+tagline+box_04.svg]
[mature-brown-antelope.69-72-248-210.cpanel.site/images/logo/the_pet_studio_logo_+tagline_MOBILE_600px.svg]
[mature-brown-antelope.69-72-248-210.cpanel.site/media/yootheme/cache/24/24901c0b.jpg]
[mature-brown-antelope.69-72-248-210.cpanel.site/media/yootheme/cache/ed/ed93baba.jpg]
[mature-brown-antelope.69-72-248-210.cpanel.site/media/yootheme/cache/a8/a8857c3e.jpg]
[mature-brown-antelope.69-72-248-210.cpanel.site/images/logo/city_guilds_logo.png]
[mature-brown-antelope.69-72-248-210.cpanel.site/media/yootheme/cache/0b/0b30f764.jpg]
[mature-brown-antelope.69-72-248-210.cpanel.site/images/logo/Liza_signature_pink_v06.svg]
[mature-brown-antelope.69-72-248-210.cpanel.site/media/yootheme/cache/05/05ea560d.png]
[mature-brown-antelope.69-72-248-210.cpanel.site/images/logo/the_pet_studio_logo_+tagline_600px.svg]
[mature-brown-antelope.69-72-248-210.cpanel.site/index.html]
[mature-brown-antelope.69-72-248-210.cpanel.site/media/vendor/joomla-custom-elements/css/joomla-alert.mineeda.css]
[mature-brown-antelope.69-72-248-210.cpanel.site/media/vendor/fontawesome-free/webfonts/fa-regular-400f499.woff2]
[mature-brown-antelope.69-72-248-210.cpanel.site/media/vendor/fontawesome-free/webfonts/fa-regular-4007c4b.ttf]
[mature-brown-antelope.69-72-248-210.cpanel.site/media/vendor/fontawesome-free/webfonts/fa-solid-90035a9.woff2]
[mature-brown-antelope.69-72-248-210.cpanel.site/media/vendor/fontawesome-free/webfonts/fa-solid-90024c4.ttf]
[mature-brown-antelope.69-72-248-210.cpanel.site/media/vendor/fontawesome-free/webfonts/fa-brands-400fc73.woff2]
[mature-brown-antelope.69-72-248-210.cpanel.site/media/system/css/joomla-fontawesome.min61a0.css]
[mature-brown-antelope.69-72-248-210.cpanel.site/media/vendor/fontawesome-free/webfonts/fa-brands-400cfc8.ttf]
[mature-brown-antelope.69-72-248-210.cpanel.site/templates/yootheme/fonts/manrope-94e3679a.woff2]
[mature-brown-antelope.69-72-248-210.cpanel.site/templates/yootheme/fonts/manrope-5d97c718.woff2]
[mature-brown-antelope.69-72-248-210.cpanel.site/templates/yootheme/fonts/manrope-40b8740b.woff2]
[mature-brown-antelope.69-72-248-210.cpanel.site/templates/yootheme/fonts/manrope-da02cdf0.woff2]
[mature-brown-antelope.69-72-248-210.cpanel.site/templates/yootheme/fonts/manrope-67c8a13e.woff2]
[mature-brown-antelope.69-72-248-210.cpanel.site/templates/yootheme/fonts/manrope-bc3f134d.woff2]
[mature-brown-antelope.69-72-248-210.cpanel.site/templates/yootheme/fonts/manrope-86b0b449.woff2]
[mature-brown-antelope.69-72-248-210.cpanel.site/templates/yootheme/fonts/manrope-4fc414cb.woff2]
[mature-brown-antelope.69-72-248-210.cpanel.site/templates/yootheme/fonts/manrope-52eba7d8.woff2]
[mature-brown-antelope.69-72-248-210.cpanel.site/templates/yootheme/fonts/manrope-c8511e23.woff2]
[mature-brown-antelope.69-72-248-210.cpanel.site/templates/yootheme/fonts/manrope-759b72ed.woff2]
[mature-brown-antelope.69-72-248-210.cpanel.site/templates/yootheme/fonts/manrope-9eb46324.woff2]
[mature-brown-antelope.69-72-248-210.cpanel.site/templates/yootheme/fonts/manrope-d37d7cb1.woff2]
[mature-brown-antelope.69-72-248-210.cpanel.site/templates/yootheme/fonts/manrope-1a09dc33.woff2]
[mature-brown-antelope.69-72-248-210.cpanel.site/templates/yootheme/fonts/manrope-07266f20.woff2]
[mature-brown-antelope.69-72-248-210.cpanel.site/templates/yootheme/fonts/manrope-9d9cd6db.woff2]
[mature-brown-antelope.69-72-248-210.cpanel.site/templates/yootheme/fonts/manrope-2056ba15.woff2]
[mature-brown-antelope.69-72-248-210.cpanel.site/templates/yootheme/fonts/manrope-1b3093c7.woff2]
[mature-brown-antelope.69-72-248-210.cpanel.site/templates/yootheme/fonts/notosans-a3b43f23.woff2]
[mature-brown-antelope.69-72-248-210.cpanel.site/templates/yootheme/fonts/notosans-e3e1b272.woff2]
[mature-brown-antelope.69-72-248-210.cpanel.site/templates/yootheme/fonts/notosans-9e92b42a.woff2]
[mature-brown-antelope.69-72-248-210.cpanel.site/templates/yootheme/fonts/notosans-84c4ea16.woff2]
[mature-brown-antelope.69-72-248-210.cpanel.site/templates/yootheme/fonts/notosans-c3e88a68.woff2]
[mature-brown-antelope.69-72-248-210.cpanel.site/templates/yootheme/fonts/notosans-59523393.woff2]
[mature-brown-antelope.69-72-248-210.cpanel.site/templates/yootheme/fonts/notosans-e4985f5d.woff2]
[mature-brown-antelope.69-72-248-210.cpanel.site/templates/yootheme/fonts/notosans-405e128a.woff2]
[mature-brown-antelope.69-72-248-210.cpanel.site/templates/yootheme/fonts/ptsanscaption-40e8c250.woff2]
[mature-brown-antelope.69-72-248-210.cpanel.site/templates/yootheme/fonts/ptsanscaption-2cac9ae7.woff2]
[mature-brown-antelope.69-72-248-210.cpanel.site/templates/yootheme/fonts/ptsanscaption-bbfc51b4.woff2]
[mature-brown-antelope.69-72-248-210.cpanel.site/templates/yootheme/fonts/ptsanscaption-3b80dcdd.woff2]
[mature-brown-antelope.69-72-248-210.cpanel.site/templates/yootheme/vendor/assets/uikit-themes/master-kojiro/images/mask-default-border-image.svg]
[mature-brown-antelope.69-72-248-210.cpanel.site/templates/yootheme/vendor/assets/uikit-themes/master-kojiro/images/mask-default-image.svg]
[mature-brown-antelope.69-72-248-210.cpanel.site/templates/yootheme/css/theme.12a7b1.css]
[mature-brown-antelope.69-72-248-210.cpanel.site/images/logo/the_pet_studio_logo_dark_400px.svg]
[mature-brown-antelope.69-72-248-210.cpanel.site/images/logo/the_pet_studio_logo_400px.svg]
[mature-brown-antelope.69-72-248-210.cpanel.site/images/video_background/pet_studio_mobile_background_v05.mp4]
[mature-brown-antelope.69-72-248-210.cpanel.site/images/grooming/BK1_8643_1.jpg]
[mature-brown-antelope.69-72-248-210.cpanel.site/images/general/icon_dog_01.png]
[mature-brown-antelope.69-72-248-210.cpanel.site/media/yootheme/cache/35/35e790b6.jpg]
[mature-brown-antelope.69-72-248-210.cpanel.site/media/yootheme/cache/d3/d31f4585.jpg]
[mature-brown-antelope.69-72-248-210.cpanel.site/media/yootheme/cache/ee/eea35da9.jpg]
[mature-brown-antelope.69-72-248-210.cpanel.site/images/general/icon_dog_02.png]
[mature-brown-antelope.69-72-248-210.cpanel.site/media/yootheme/cache/7b/7b54ad0b.jpg]
[mature-brown-antelope.69-72-248-210.cpanel.site/media/yootheme/cache/cc/cca038f4.jpg]
[mature-brown-antelope.69-72-248-210.cpanel.site/media/yootheme/cache/05/05a1290c.jpg]
[mature-brown-antelope.69-72-248-210.cpanel.site/images/general/icon_dog_03.png]
[mature-brown-antelope.69-72-248-210.cpanel.site/media/yootheme/cache/28/28fcf543.jpg]
[mature-brown-antelope.69-72-248-210.cpanel.site/images/general/icon_dog_04.png]
[mature-brown-antelope.69-72-248-210.cpanel.site/media/yootheme/cache/a2/a287c44c.jpg]
[mature-brown-antelope.69-72-248-210.cpanel.site/media/yootheme/cache/b4/b45e5147.jpg]
[mature-brown-antelope.69-72-248-210.cpanel.site/media/yootheme/cache/79/799ed433.jpg]
[mature-brown-antelope.69-72-248-210.cpanel.site/images/general/icon_dog_05.png]
[mature-brown-antelope.69-72-248-210.cpanel.site/media/yootheme/cache/a4/a459920b.jpg]
[mature-brown-antelope.69-72-248-210.cpanel.site/media/yootheme/cache/70/70020df2.jpg]
[mature-brown-antelope.69-72-248-210.cpanel.site/media/yootheme/cache/66/66fabb55.jpg]
[mature-brown-antelope.69-72-248-210.cpanel.site/images/general/icon_dog_06.png]
[mature-brown-antelope.69-72-248-210.cpanel.site/media/yootheme/cache/e5/e575fa5c.jpg]
[mature-brown-antelope.69-72-248-210.cpanel.site/media/yootheme/cache/c5/c5a8c123.jpg]
[mature-brown-antelope.69-72-248-210.cpanel.site/media/yootheme/cache/cc/cc1e0803.jpg]
[mature-brown-antelope.69-72-248-210.cpanel.site/dog-grooming.html]
[mature-brown-antelope.69-72-248-210.cpanel.site/media/yootheme/cache/16/16c03633.png]
[mature-brown-antelope.69-72-248-210.cpanel.site/media/yootheme/cache/be/be7e6885.jpg]
[mature-brown-antelope.69-72-248-210.cpanel.site/images/academy/BK1_8130_2.jpg]
[mature-brown-antelope.69-72-248-210.cpanel.site/media/yootheme/cache/14/148e840e.jpg]
[mature-brown-antelope.69-72-248-210.cpanel.site/images/general/icon_dog_07.png]
[mature-brown-antelope.69-72-248-210.cpanel.site/media/yootheme/cache/66/66e9eaa2.jpg]
[mature-brown-antelope.69-72-248-210.cpanel.site/media/yootheme/cache/7e/7e0f792d.jpg]
[mature-brown-antelope.69-72-248-210.cpanel.site/images/general/icon_dog_08.png]
[mature-brown-antelope.69-72-248-210.cpanel.site/media/yootheme/cache/4f/4f3561b2.jpg]
[mature-brown-antelope.69-72-248-210.cpanel.site/images/logo/city_guilds_logo_inverse_150.png]
[mature-brown-antelope.69-72-248-210.cpanel.site/images/logo/accredited_white_100.png]
[mature-brown-antelope.69-72-248-210.cpanel.site/grooming-academy.html]
[mature-brown-antelope.69-72-248-210.cpanel.site/images/grooming/BK1_8822_1.jpg]
[mature-brown-antelope.69-72-248-210.cpanel.site/templates/yootheme/packages/theme/assets/images/element-image-placeholder.png]
[mature-brown-antelope.69-72-248-210.cpanel.site/dog-training.html]
[mature-brown-antelope.69-72-248-210.cpanel.site/media/yootheme/cache/bd/bd374318.jpg]
[mature-brown-antelope.69-72-248-210.cpanel.site/media/yootheme/cache/12/121914e7.jpg]
[mature-brown-antelope.69-72-248-210.cpanel.site/media/yootheme/cache/6b/6be7dc1d.jpg]
[mature-brown-antelope.69-72-248-210.cpanel.site/media/yootheme/cache/b2/b2353660.jpg]
[mature-brown-antelope.69-72-248-210.cpanel.site/media/yootheme/cache/51/518cefa8.jpg]
[mature-brown-antelope.69-72-248-210.cpanel.site/media/yootheme/cache/0a/0abbc3a8.jpg]
[mature-brown-antelope.69-72-248-210.cpanel.site/media/yootheme/cache/6f/6f8b550d.jpg]
[mature-brown-antelope.69-72-248-210.cpanel.site/media/yootheme/cache/ff/ff956ecd.jpg]
[mature-brown-antelope.69-72-248-210.cpanel.site/team.html]
[mature-brown-antelope.69-72-248-210.cpanel.site/media/com_convertforms/css/convertforms335f.css]
[mature-brown-antelope.69-72-248-210.cpanel.site/media/system/js/keepalive.mind5a8.js]
[mature-brown-antelope.69-72-248-210.cpanel.site/templates/yootheme/assets/site/js/map61a0.js]
[mature-brown-antelope.69-72-248-210.cpanel.site/media/com_convertforms/js/site335f.js]
[mature-brown-antelope.69-72-248-210.cpanel.site/media/yootheme/cache/a6/a6d46b42.jpg]
[mature-brown-antelope.69-72-248-210.cpanel.site/templates/yootheme/assets/images/consent_placeholder_map.svg]
[mature-brown-antelope.69-72-248-210.cpanel.site/templates/yootheme/assets/images/consent_icon_openstreetmap.svg]
[mature-brown-antelope.69-72-248-210.cpanel.site/templates/yootheme/assets/site/js/map-leaflet.js]
[mature-brown-antelope.69-72-248-210.cpanel.site/contact.html]
[mature-brown-antelope.69-72-248-210.cpanel.site/images/logo/the_pet_studio_logo_+tagline+box_04.svg]
[mature-brown-antelope.69-72-248-210.cpanel.site/images/logo/the_pet_studio_logo_+tagline_MOBILE_600px.svg]
[mature-brown-antelope.69-72-248-210.cpanel.site/images/logo/Liza_signature_pink_v06.svg]
[mature-brown-antelope.69-72-248-210.cpanel.site/images/logo/the_pet_studio_logo_+tagline_600px.html]
[mature-brown-antelope.69-72-248-210.cpanel.site/templates/yootheme/vendor/assets/uikit-themes/master-kojiro/images/mask-default-border-image.svg]
[mature-brown-antelope.69-72-248-210.cpanel.site/templates/yootheme/vendor/assets/uikit-themes/master-kojiro/images/mask-default-image.svg]
[mature-brown-antelope.69-72-248-210.cpanel.site/templates/yootheme/packages/theme/assets/images/element-image-placeholder.html]
[mature-brown-antelope.69-72-248-210.cpanel.site/media/com_convertforms/css/convertforms335f.css]
[fonts.googleapis.com/css16e1.css]
[mature-brown-antelope.69-72-248-210.cpanel.site/templates/yootheme/assets/images/consent_placeholder_map.svg]
[mature-brown-antelope.69-72-248-210.cpanel.site/templates/yootheme/assets/images/consent_icon_openstreetmap.svg]
